2025-04-08 04:00:53.111 [INFO]: Attempting to connect to MongoDB database
{
  "service": "research-mgmt-api"
}
2025-04-08 04:00:53.113 [INFO]: Attempting to connect to MongoDB...
{
  "service": "research-mgmt-api"
}
2025-04-08 04:00:53.890 [INFO]: MongoDB Connected: ac-xdpuchx-shard-00-00.tvoe17p.mongodb.net
{
  "service": "research-mgmt-api"
}
2025-04-08 04:00:53.890 [INFO]: ✅ MongoDB connection established successfully
{
  "service": "research-mgmt-api"
}
2025-04-08 04:00:53.895 [INFO]: 🚀 Server running on port 30000
{
  "service": "research-mgmt-api"
}
2025-04-08 04:03:13.896 [INFO]: Attempting to connect to MongoDB database
{
  "service": "research-mgmt-api"
}
2025-04-08 04:03:13.898 [INFO]: Attempting to connect to MongoDB...
{
  "service": "research-mgmt-api"
}
2025-04-08 04:03:14.892 [INFO]: MongoDB Connected: ac-xdpuchx-shard-00-01.tvoe17p.mongodb.net
{
  "service": "research-mgmt-api"
}
2025-04-08 04:03:14.892 [INFO]: ✅ MongoDB connection established successfully
{
  "service": "research-mgmt-api"
}
2025-04-08 04:03:14.896 [INFO]: 🚀 Server running on port 30000
{
  "service": "research-mgmt-api"
}
2025-04-08 04:04:00.501 [INFO]: Attempting to connect to MongoDB database
{
  "service": "research-mgmt-api"
}
2025-04-08 04:04:00.502 [INFO]: Attempting to connect to MongoDB...
{
  "service": "research-mgmt-api"
}
2025-04-08 04:04:01.156 [INFO]: MongoDB Connected: ac-xdpuchx-shard-00-01.tvoe17p.mongodb.net
{
  "service": "research-mgmt-api"
}
2025-04-08 04:04:01.156 [INFO]: ✅ MongoDB connection established successfully
{
  "service": "research-mgmt-api"
}
2025-04-08 04:04:01.160 [INFO]: 🚀 Server running on port 30000
{
  "service": "research-mgmt-api"
}
2025-04-08 04:06:37.762 [INFO]: Attempting to connect to MongoDB database
{
  "service": "research-mgmt-api"
}
2025-04-08 04:06:37.763 [INFO]: Attempting to connect to MongoDB...
{
  "service": "research-mgmt-api"
}
2025-04-08 04:06:38.546 [INFO]: MongoDB Connected: ac-xdpuchx-shard-00-00.tvoe17p.mongodb.net
{
  "service": "research-mgmt-api"
}
2025-04-08 04:06:38.546 [INFO]: ✅ MongoDB connection established successfully
{
  "service": "research-mgmt-api"
}
2025-04-08 04:06:38.551 [INFO]: 🚀 Server running on port 30000
{
  "service": "research-mgmt-api"
}
2025-04-08 04:07:04.054 [INFO]: Attempting to connect to MongoDB database
{
  "service": "research-mgmt-api"
}
2025-04-08 04:07:04.055 [INFO]: Attempting to connect to MongoDB...
{
  "service": "research-mgmt-api"
}
2025-04-08 04:07:04.737 [INFO]: MongoDB Connected: ac-xdpuchx-shard-00-02.tvoe17p.mongodb.net
{
  "service": "research-mgmt-api"
}
2025-04-08 04:07:04.737 [INFO]: ✅ MongoDB connection established successfully
{
  "service": "research-mgmt-api"
}
2025-04-08 04:07:04.741 [INFO]: 🚀 Server running on port 30000
{
  "service": "research-mgmt-api"
}
2025-04-08 04:14:25.520 [INFO]: Attempting to connect to MongoDB database
{
  "service": "research-mgmt-api"
}
2025-04-08 04:14:25.522 [INFO]: Attempting to connect to MongoDB...
{
  "service": "research-mgmt-api"
}
2025-04-08 04:14:26.222 [INFO]: MongoDB Connected: ac-xdpuchx-shard-00-00.tvoe17p.mongodb.net
{
  "service": "research-mgmt-api"
}
2025-04-08 04:14:26.222 [INFO]: ✅ MongoDB connection established successfully
{
  "service": "research-mgmt-api"
}
2025-04-08 04:14:26.226 [INFO]: 🚀 Server running on port 30000
{
  "service": "research-mgmt-api"
}
2025-04-08 04:14:30.232 [INFO]: SIGINT received. Shutting down gracefully
{
  "service": "research-mgmt-api"
}
2025-04-08 04:15:26.301 [INFO]: Attempting to connect to MongoDB database
{
  "service": "research-mgmt-api"
}
2025-04-08 04:15:26.302 [INFO]: Attempting to connect to MongoDB...
{
  "service": "research-mgmt-api"
}
2025-04-08 04:15:26.932 [INFO]: MongoDB Connected: ac-xdpuchx-shard-00-02.tvoe17p.mongodb.net
{
  "service": "research-mgmt-api"
}
2025-04-08 04:15:26.932 [INFO]: ✅ MongoDB connection established successfully
{
  "service": "research-mgmt-api"
}
2025-04-08 04:15:26.936 [INFO]: 🚀 Server running on port 30000
{
  "service": "research-mgmt-api"
}
2025-04-08 04:15:29.075 [INFO]: SIGINT received. Shutting down gracefully
{
  "service": "research-mgmt-api"
}
2025-04-08 04:27:46.943 [INFO]: Attempting to connect to MongoDB database
{
  "service": "research-mgmt-api"
}
2025-04-08 04:27:46.944 [INFO]: Attempting to connect to MongoDB...
{
  "service": "research-mgmt-api"
}
2025-04-08 04:27:47.588 [INFO]: MongoDB Connected: ac-xdpuchx-shard-00-01.tvoe17p.mongodb.net
{
  "service": "research-mgmt-api"
}
2025-04-08 04:27:47.588 [INFO]: ✅ MongoDB connection established successfully
{
  "service": "research-mgmt-api"
}
2025-04-08 04:27:47.592 [INFO]: 🚀 Server running on port 30000
{
  "service": "research-mgmt-api"
}
2025-04-08 04:29:40.301 [INFO]: Attempting to connect to MongoDB database
{
  "service": "research-mgmt-api"
}
2025-04-08 04:29:40.303 [INFO]: Attempting to connect to MongoDB...
{
  "service": "research-mgmt-api"
}
2025-04-08 04:29:41.003 [INFO]: MongoDB Connected: ac-xdpuchx-shard-00-02.tvoe17p.mongodb.net
{
  "service": "research-mgmt-api"
}
2025-04-08 04:29:41.003 [INFO]: ✅ MongoDB connection established successfully
{
  "service": "research-mgmt-api"
}
2025-04-08 04:29:41.007 [INFO]: 🚀 Server running on port 30000
{
  "service": "research-mgmt-api"
}
2025-04-08 04:34:40.309 [INFO]: Memory usage stats:
{
  "service": "research-mgmt-api",
  "rss": "201 MB",
  "heapTotal": "26 MB",
  "heapUsed": "50 MB",
  "external": "28 MB"
}
2025-04-08 04:39:40.310 [INFO]: Memory usage stats:
{
  "service": "research-mgmt-api",
  "rss": "203 MB",
  "heapTotal": "27 MB",
  "heapUsed": "52 MB",
  "external": "29 MB"
}
2025-04-08 04:44:40.312 [INFO]: Memory usage stats:
{
  "service": "research-mgmt-api",
  "rss": "196 MB",
  "heapTotal": "25 MB",
  "heapUsed": "39 MB",
  "external": "22 MB"
}
2025-04-08 04:49:40.312 [INFO]: Memory usage stats:
{
  "service": "research-mgmt-api",
  "rss": "196 MB",
  "heapTotal": "25 MB",
  "heapUsed": "40 MB",
  "external": "22 MB"
}
2025-04-08 04:54:40.311 [INFO]: Memory usage stats:
{
  "service": "research-mgmt-api",
  "rss": "197 MB",
  "heapTotal": "25 MB",
  "heapUsed": "39 MB",
  "external": "22 MB"
}
2025-04-08 04:59:40.312 [INFO]: Memory usage stats:
{
  "service": "research-mgmt-api",
  "rss": "198 MB",
  "heapTotal": "25 MB",
  "heapUsed": "39 MB",
  "external": "22 MB"
}
2025-04-08 05:04:40.313 [INFO]: Memory usage stats:
{
  "service": "research-mgmt-api",
  "rss": "198 MB",
  "heapTotal": "25 MB",
  "heapUsed": "38 MB",
  "external": "22 MB"
}
2025-04-08 05:09:40.313 [INFO]: Memory usage stats:
{
  "service": "research-mgmt-api",
  "rss": "199 MB",
  "heapTotal": "25 MB",
  "heapUsed": "38 MB",
  "external": "21 MB"
}
2025-04-08 05:14:40.314 [INFO]: Memory usage stats:
{
  "service": "research-mgmt-api",
  "rss": "199 MB",
  "heapTotal": "25 MB",
  "heapUsed": "40 MB",
  "external": "22 MB"
}
2025-04-08 05:19:40.315 [INFO]: Memory usage stats:
{
  "service": "research-mgmt-api",
  "rss": "201 MB",
  "heapTotal": "25 MB",
  "heapUsed": "40 MB",
  "external": "22 MB"
}
2025-04-08 05:24:40.316 [INFO]: Memory usage stats:
{
  "service": "research-mgmt-api",
  "rss": "202 MB",
  "heapTotal": "25 MB",
  "heapUsed": "39 MB",
  "external": "22 MB"
}
2025-04-08 05:29:40.316 [INFO]: Memory usage stats:
{
  "service": "research-mgmt-api",
  "rss": "202 MB",
  "heapTotal": "25 MB",
  "heapUsed": "39 MB",
  "external": "22 MB"
}
2025-04-08 05:34:40.317 [INFO]: Memory usage stats:
{
  "service": "research-mgmt-api",
  "rss": "202 MB",
  "heapTotal": "25 MB",
  "heapUsed": "39 MB",
  "external": "22 MB"
}
2025-04-08 05:39:40.318 [INFO]: Memory usage stats:
{
  "service": "research-mgmt-api",
  "rss": "203 MB",
  "heapTotal": "25 MB",
  "heapUsed": "39 MB",
  "external": "22 MB"
}
2025-04-08 05:44:40.319 [INFO]: Memory usage stats:
{
  "service": "research-mgmt-api",
  "rss": "204 MB",
  "heapTotal": "25 MB",
  "heapUsed": "40 MB",
  "external": "22 MB"
}
2025-04-08 05:49:40.320 [INFO]: Memory usage stats:
{
  "service": "research-mgmt-api",
  "rss": "204 MB",
  "heapTotal": "25 MB",
  "heapUsed": "38 MB",
  "external": "21 MB"
}
2025-04-08 05:54:40.321 [INFO]: Memory usage stats:
{
  "service": "research-mgmt-api",
  "rss": "205 MB",
  "heapTotal": "25 MB",
  "heapUsed": "39 MB",
  "external": "22 MB"
}
2025-04-08 05:59:40.322 [INFO]: Memory usage stats:
{
  "service": "research-mgmt-api",
  "rss": "206 MB",
  "heapTotal": "25 MB",
  "heapUsed": "39 MB",
  "external": "22 MB"
}
2025-04-08 06:04:40.323 [INFO]: Memory usage stats:
{
  "service": "research-mgmt-api",
  "rss": "207 MB",
  "heapTotal": "25 MB",
  "heapUsed": "39 MB",
  "external": "22 MB"
}
2025-04-08 06:09:40.324 [INFO]: Memory usage stats:
{
  "service": "research-mgmt-api",
  "rss": "207 MB",
  "heapTotal": "25 MB",
  "heapUsed": "39 MB",
  "external": "22 MB"
}
2025-04-08 06:14:40.324 [INFO]: Memory usage stats:
{
  "service": "research-mgmt-api",
  "rss": "208 MB",
  "heapTotal": "25 MB",
  "heapUsed": "39 MB",
  "external": "22 MB"
}
2025-04-08 06:19:40.324 [INFO]: Memory usage stats:
{
  "service": "research-mgmt-api",
  "rss": "209 MB",
  "heapTotal": "25 MB",
  "heapUsed": "39 MB",
  "external": "22 MB"
}
2025-04-08 06:24:40.325 [INFO]: Memory usage stats:
{
  "service": "research-mgmt-api",
  "rss": "210 MB",
  "heapTotal": "25 MB",
  "heapUsed": "39 MB",
  "external": "22 MB"
}
2025-04-08 06:29:40.326 [INFO]: Memory usage stats:
{
  "service": "research-mgmt-api",
  "rss": "210 MB",
  "heapTotal": "25 MB",
  "heapUsed": "39 MB",
  "external": "22 MB"
}
2025-04-08 08:49:25.294 [INFO]: Attempting to connect to MongoDB database
{
  "service": "research-mgmt-api"
}
2025-04-08 08:49:25.295 [INFO]: Attempting to connect to MongoDB...
{
  "service": "research-mgmt-api"
}
2025-04-08 08:49:27.386 [INFO]: MongoDB Connected: ac-xdpuchx-shard-00-02.tvoe17p.mongodb.net
{
  "service": "research-mgmt-api"
}
2025-04-08 08:49:27.386 [INFO]: ✅ MongoDB connection established successfully
{
  "service": "research-mgmt-api"
}
2025-04-08 08:49:27.390 [INFO]: 🚀 Server running on port 30000
{
  "service": "research-mgmt-api"
}
2025-04-08 08:54:25.301 [INFO]: Memory usage stats:
{
  "service": "research-mgmt-api",
  "rss": "191 MB",
  "heapTotal": "24 MB",
  "heapUsed": "39 MB",
  "external": "22 MB"
}
2025-04-08 08:56:19.247 [INFO]: Attempting to connect to MongoDB database
{
  "service": "research-mgmt-api"
}
2025-04-08 08:56:19.249 [INFO]: Attempting to connect to MongoDB...
{
  "service": "research-mgmt-api"
}
2025-04-08 08:56:19.897 [INFO]: MongoDB Connected: ac-xdpuchx-shard-00-01.tvoe17p.mongodb.net
{
  "service": "research-mgmt-api"
}
2025-04-08 08:56:19.897 [INFO]: ✅ MongoDB connection established successfully
{
  "service": "research-mgmt-api"
}
2025-04-08 08:56:19.901 [INFO]: 🚀 Server running on port 30000
{
  "service": "research-mgmt-api"
}
2025-04-08 08:57:08.718 [INFO]: Attempting to connect to MongoDB database
{
  "service": "research-mgmt-api"
}
2025-04-08 08:57:08.721 [INFO]: Attempting to connect to MongoDB...
{
  "service": "research-mgmt-api"
}
2025-04-08 08:57:09.322 [INFO]: MongoDB Connected: ac-xdpuchx-shard-00-02.tvoe17p.mongodb.net
{
  "service": "research-mgmt-api"
}
2025-04-08 08:57:09.322 [INFO]: ✅ MongoDB connection established successfully
{
  "service": "research-mgmt-api"
}
2025-04-08 08:57:09.326 [INFO]: 🚀 Server running on port 30000
{
  "service": "research-mgmt-api"
}
2025-04-08 08:59:29.222 [INFO]: Attempting to connect to MongoDB database
{
  "service": "research-mgmt-api"
}
2025-04-08 08:59:29.223 [INFO]: Attempting to connect to MongoDB...
{
  "service": "research-mgmt-api"
}
2025-04-08 08:59:29.887 [INFO]: MongoDB Connected: ac-xdpuchx-shard-00-02.tvoe17p.mongodb.net
{
  "service": "research-mgmt-api"
}
2025-04-08 08:59:29.888 [INFO]: ✅ MongoDB connection established successfully
{
  "service": "research-mgmt-api"
}
2025-04-08 08:59:29.892 [INFO]: 🚀 Server running on port 30000
{
  "service": "research-mgmt-api"
}
2025-04-08 09:04:29.230 [INFO]: Memory usage stats:
{
  "service": "research-mgmt-api",
  "rss": "202 MB",
  "heapTotal": "26 MB",
  "heapUsed": "50 MB",
  "external": "28 MB"
}
2025-04-08 09:09:29.230 [INFO]: Memory usage stats:
{
  "service": "research-mgmt-api",
  "rss": "204 MB",
  "heapTotal": "27 MB",
  "heapUsed": "52 MB",
  "external": "28 MB"
}
2025-04-08 09:14:29.232 [INFO]: Memory usage stats:
{
  "service": "research-mgmt-api",
  "rss": "198 MB",
  "heapTotal": "25 MB",
  "heapUsed": "39 MB",
  "external": "22 MB"
}
2025-04-08 09:16:11.353 [INFO]: Attempting to connect to MongoDB database
{
  "service": "research-mgmt-api"
}
2025-04-08 09:16:11.354 [INFO]: Attempting to connect to MongoDB...
{
  "service": "research-mgmt-api"
}
2025-04-08 09:16:12.046 [INFO]: MongoDB Connected: ac-xdpuchx-shard-00-00.tvoe17p.mongodb.net
{
  "service": "research-mgmt-api"
}
2025-04-08 09:16:12.046 [INFO]: ✅ MongoDB connection established successfully
{
  "service": "research-mgmt-api"
}
2025-04-08 09:16:12.050 [INFO]: 🚀 Server running on port 30000
{
  "service": "research-mgmt-api"
}
2025-04-08 09:16:26.774 [INFO]: Attempting to connect to MongoDB database
{
  "service": "research-mgmt-api"
}
2025-04-08 09:16:26.775 [INFO]: Attempting to connect to MongoDB...
{
  "service": "research-mgmt-api"
}
2025-04-08 09:16:27.384 [INFO]: MongoDB Connected: ac-xdpuchx-shard-00-00.tvoe17p.mongodb.net
{
  "service": "research-mgmt-api"
}
2025-04-08 09:16:27.385 [INFO]: ✅ MongoDB connection established successfully
{
  "service": "research-mgmt-api"
}
2025-04-08 09:16:27.389 [INFO]: 🚀 Server running on port 30000
{
  "service": "research-mgmt-api"
}
2025-04-08 09:17:56.641 [WARN]: Request received with MongoDB not fully connected (state: 0)
{
  "service": "research-mgmt-api"
}
2025-04-08 09:17:56.657 [ERROR]: Uncaught Exception:
TypeError: next is not a function. (In 'next()', 'next' is undefined)
    at <anonymous> (/home/swadhin/r/server/src/routes/authRoutes.js:73:14)
    at _use (/home/swadhin/r/server/node_modules/elysia/src/index.ts:3748:21)
    at <anonymous> (/home/swadhin/r/server/src/routes/authRoutes.js:64:9)
    at group (/home/swadhin/r/server/node_modules/elysia/src/index.ts:2919:38)
    at _use (/home/swadhin/r/server/node_modules/elysia/src/index.ts:3748:21)
    at /home/swadhin/r/server/src/index.js:359:4
    at moduleEvaluation (native)
    at moduleEvaluation (native)
    at <anonymous> (native:2)
    at processTicksAndRejections (native:7:39)
{
  "service": "research-mgmt-api",
  "error": "next is not a function. (In 'next()', 'next' is undefined)",
  "location": "uncaughtException handler"
}
2025-04-08 09:18:37.741 [WARN]: Request received with MongoDB not fully connected (state: 0)
{
  "service": "research-mgmt-api"
}
2025-04-08 09:18:37.747 [ERROR]: Uncaught Exception:
TypeError: next is not a function. (In 'next()', 'next' is undefined)
    at <anonymous> (/home/swadhin/r/server/src/routes/authRoutes.js:73:14)
    at _use (/home/swadhin/r/server/node_modules/elysia/src/index.ts:3748:21)
    at <anonymous> (/home/swadhin/r/server/src/routes/authRoutes.js:64:9)
    at group (/home/swadhin/r/server/node_modules/elysia/src/index.ts:2919:38)
    at _use (/home/swadhin/r/server/node_modules/elysia/src/index.ts:3748:21)
    at /home/swadhin/r/server/src/index.js:359:4
    at moduleEvaluation (native)
    at moduleEvaluation (native)
    at <anonymous> (native:2)
    at processTicksAndRejections (native:7:39)
{
  "service": "research-mgmt-api",
  "error": "next is not a function. (In 'next()', 'next' is undefined)",
  "location": "uncaughtException handler"
}
2025-04-08 09:21:19.160 [WARN]: Request received with MongoDB not fully connected (state: 0)
{
  "service": "research-mgmt-api"
}
2025-04-08 09:21:19.167 [ERROR]: Uncaught Exception:
TypeError: next is not a function. (In 'next()', 'next' is undefined)
    at <anonymous> (/home/swadhin/r/server/src/routes/authRoutes.js:73:14)
    at _use (/home/swadhin/r/server/node_modules/elysia/src/index.ts:3748:21)
    at <anonymous> (/home/swadhin/r/server/src/routes/authRoutes.js:64:9)
    at group (/home/swadhin/r/server/node_modules/elysia/src/index.ts:2919:38)
    at _use (/home/swadhin/r/server/node_modules/elysia/src/index.ts:3748:21)
    at /home/swadhin/r/server/src/index.js:359:4
    at moduleEvaluation (native)
    at moduleEvaluation (native)
    at <anonymous> (native:2)
    at processTicksAndRejections (native:7:39)
{
  "service": "research-mgmt-api",
  "error": "next is not a function. (In 'next()', 'next' is undefined)",
  "location": "uncaughtException handler"
}
2025-04-08 09:29:52.398 [WARN]: Request received with MongoDB not fully connected (state: 0)
{
  "service": "research-mgmt-api"
}
2025-04-08 09:29:52.405 [ERROR]: Uncaught Exception:
TypeError: next is not a function. (In 'next()', 'next' is undefined)
    at <anonymous> (/home/swadhin/r/server/src/routes/authRoutes.js:73:14)
    at _use (/home/swadhin/r/server/node_modules/elysia/src/index.ts:3748:21)
    at <anonymous> (/home/swadhin/r/server/src/routes/authRoutes.js:64:9)
    at group (/home/swadhin/r/server/node_modules/elysia/src/index.ts:2919:38)
    at _use (/home/swadhin/r/server/node_modules/elysia/src/index.ts:3748:21)
    at /home/swadhin/r/server/src/index.js:359:4
    at moduleEvaluation (native)
    at moduleEvaluation (native)
    at <anonymous> (native:2)
    at processTicksAndRejections (native:7:39)
{
  "service": "research-mgmt-api",
  "error": "next is not a function. (In 'next()', 'next' is undefined)",
  "location": "uncaughtException handler"
}
2025-04-08 09:31:39.165 [INFO]: Attempting to connect to MongoDB database
{
  "service": "research-mgmt-api"
}
2025-04-08 09:31:39.167 [INFO]: Attempting to connect to MongoDB...
{
  "service": "research-mgmt-api"
}
2025-04-08 09:31:39.856 [INFO]: MongoDB Connected: ac-xdpuchx-shard-00-00.tvoe17p.mongodb.net
{
  "service": "research-mgmt-api"
}
2025-04-08 09:31:39.857 [INFO]: ✅ MongoDB connection established successfully
{
  "service": "research-mgmt-api"
}
2025-04-08 09:31:39.861 [INFO]: 🚀 Server running on port 30000
{
  "service": "research-mgmt-api"
}
2025-04-08 09:36:25.350 [INFO]: Attempting to connect to MongoDB database
{
  "service": "research-mgmt-api"
}
2025-04-08 09:36:25.352 [INFO]: Attempting to connect to MongoDB...
{
  "service": "research-mgmt-api"
}
2025-04-08 09:36:25.998 [INFO]: MongoDB Connected: ac-xdpuchx-shard-00-02.tvoe17p.mongodb.net
{
  "service": "research-mgmt-api"
}
2025-04-08 09:36:25.998 [INFO]: ✅ MongoDB connection established successfully
{
  "service": "research-mgmt-api"
}
2025-04-08 09:36:26.002 [INFO]: 🚀 Server running on port 30000
{
  "service": "research-mgmt-api"
}
2025-04-08 09:37:30.888 [INFO]: Attempting to connect to MongoDB database
{
  "service": "research-mgmt-api"
}
2025-04-08 09:37:30.890 [INFO]: Attempting to connect to MongoDB...
{
  "service": "research-mgmt-api"
}
2025-04-08 09:37:31.973 [INFO]: MongoDB Connected: ac-xdpuchx-shard-00-01.tvoe17p.mongodb.net
{
  "service": "research-mgmt-api"
}
2025-04-08 09:37:31.973 [INFO]: ✅ MongoDB connection established successfully
{
  "service": "research-mgmt-api"
}
2025-04-08 09:37:31.977 [INFO]: 🚀 Server running on port 30000
{
  "service": "research-mgmt-api"
}
2025-04-08 09:38:41.656 [INFO]: Attempting to connect to MongoDB database
{
  "service": "research-mgmt-api"
}
2025-04-08 09:38:41.658 [INFO]: Attempting to connect to MongoDB...
{
  "service": "research-mgmt-api"
}
2025-04-08 09:38:42.450 [INFO]: MongoDB Connected: ac-xdpuchx-shard-00-01.tvoe17p.mongodb.net
{
  "service": "research-mgmt-api"
}
2025-04-08 09:38:42.451 [INFO]: ✅ MongoDB connection established successfully
{
  "service": "research-mgmt-api"
}
2025-04-08 09:38:42.455 [INFO]: 🚀 Server running on port 30000
{
  "service": "research-mgmt-api"
}
2025-04-08 09:40:25.897 [INFO]: Attempting to connect to MongoDB database
{
  "service": "research-mgmt-api"
}
2025-04-08 09:40:25.898 [INFO]: Attempting to connect to MongoDB...
{
  "service": "research-mgmt-api"
}
2025-04-08 09:40:26.706 [INFO]: MongoDB Connected: ac-xdpuchx-shard-00-02.tvoe17p.mongodb.net
{
  "service": "research-mgmt-api"
}
2025-04-08 09:40:26.706 [INFO]: ✅ MongoDB connection established successfully
{
  "service": "research-mgmt-api"
}
2025-04-08 09:40:26.711 [INFO]: 🚀 Server running on port 30000
{
  "service": "research-mgmt-api"
}
2025-04-08 09:42:19.226 [INFO]: 📝 Direct registration attempt for:
{
  "0": "t",
  "1": "e",
  "2": "s",
  "3": "t",
  "4": "u",
  "5": "s",
  "6": "e",
  "7": "r",
  "8": "5",
  "9": "@",
  "10": "e",
  "11": "x",
  "12": "a",
  "13": "m",
  "14": "p",
  "15": "l",
  "16": "e",
  "17": ".",
  "18": "c",
  "19": "o",
  "20": "m",
  "service": "research-mgmt-api"
}
2025-04-08 09:43:22.281 [INFO]: 📝 Direct registration attempt for:
{
  "0": "t",
  "1": "e",
  "2": "s",
  "3": "t",
  "4": "s",
  "5": "t",
  "6": "u",
  "7": "d",
  "8": "e",
  "9": "n",
  "10": "t",
  "11": "2",
  "12": "@",
  "13": "g",
  "14": "m",
  "15": "a",
  "16": "i",
  "17": "l",
  "18": ".",
  "19": "c",
  "20": "o",
  "21": "m",
  "service": "research-mgmt-api"
}
2025-04-08 09:45:25.388 [INFO]: Attempting to connect to MongoDB database
{
  "service": "research-mgmt-api"
}
2025-04-08 09:45:25.389 [INFO]: Attempting to connect to MongoDB...
{
  "service": "research-mgmt-api"
}
2025-04-08 09:45:26.177 [INFO]: MongoDB Connected: ac-xdpuchx-shard-00-00.tvoe17p.mongodb.net
{
  "service": "research-mgmt-api"
}
2025-04-08 09:45:26.177 [INFO]: ✅ MongoDB connection established successfully
{
  "service": "research-mgmt-api"
}
2025-04-08 09:45:26.182 [INFO]: 🚀 Server running on port 30000
{
  "service": "research-mgmt-api"
}
2025-04-08 09:46:02.098 [INFO]: Attempting to connect to MongoDB database
{
  "service": "research-mgmt-api"
}
2025-04-08 09:46:02.099 [INFO]: Attempting to connect to MongoDB...
{
  "service": "research-mgmt-api"
}
2025-04-08 09:46:02.763 [INFO]: MongoDB Connected: ac-xdpuchx-shard-00-01.tvoe17p.mongodb.net
{
  "service": "research-mgmt-api"
}
2025-04-08 09:46:02.763 [INFO]: ✅ MongoDB connection established successfully
{
  "service": "research-mgmt-api"
}
2025-04-08 09:46:02.767 [INFO]: 🚀 Server running on port 30000
{
  "service": "research-mgmt-api"
}
2025-04-08 09:46:06.443 [INFO]: Attempting to connect to MongoDB database
{
  "service": "research-mgmt-api"
}
2025-04-08 09:46:06.445 [INFO]: Attempting to connect to MongoDB...
{
  "service": "research-mgmt-api"
}
2025-04-08 09:46:07.106 [INFO]: MongoDB Connected: ac-xdpuchx-shard-00-02.tvoe17p.mongodb.net
{
  "service": "research-mgmt-api"
}
2025-04-08 09:46:07.107 [INFO]: ✅ MongoDB connection established successfully
{
  "service": "research-mgmt-api"
}
2025-04-08 09:46:07.113 [INFO]: 🚀 Server running on port 30000
{
  "service": "research-mgmt-api"
}
2025-04-08 09:48:36.789 [INFO]: Attempting to connect to MongoDB database
{
  "service": "research-mgmt-api"
}
2025-04-08 09:48:36.790 [INFO]: Attempting to connect to MongoDB...
{
  "service": "research-mgmt-api"
}
2025-04-08 09:48:37.853 [INFO]: MongoDB Connected: ac-xdpuchx-shard-00-02.tvoe17p.mongodb.net
{
  "service": "research-mgmt-api"
}
2025-04-08 09:48:37.854 [INFO]: ✅ MongoDB connection established successfully
{
  "service": "research-mgmt-api"
}
2025-04-08 09:48:37.858 [INFO]: 🚀 Server running on port 30000
{
  "service": "research-mgmt-api"
}
2025-04-08 09:49:15.158 [INFO]: Attempting to connect to MongoDB database
{
  "service": "research-mgmt-api"
}
2025-04-08 09:49:15.159 [INFO]: Attempting to connect to MongoDB...
{
  "service": "research-mgmt-api"
}
2025-04-08 09:49:15.809 [INFO]: MongoDB Connected: ac-xdpuchx-shard-00-00.tvoe17p.mongodb.net
{
  "service": "research-mgmt-api"
}
2025-04-08 09:49:15.809 [INFO]: ✅ MongoDB connection established successfully
{
  "service": "research-mgmt-api"
}
2025-04-08 09:49:15.814 [INFO]: 🚀 Server running on port 30000
{
  "service": "research-mgmt-api"
}
2025-04-08 09:49:50.989 [INFO]: Attempting to connect to MongoDB database
{
  "service": "research-mgmt-api"
}
2025-04-08 09:49:50.991 [INFO]: Attempting to connect to MongoDB...
{
  "service": "research-mgmt-api"
}
2025-04-08 09:49:51.767 [INFO]: MongoDB Connected: ac-xdpuchx-shard-00-00.tvoe17p.mongodb.net
{
  "service": "research-mgmt-api"
}
2025-04-08 09:49:51.767 [INFO]: ✅ MongoDB connection established successfully
{
  "service": "research-mgmt-api"
}
2025-04-08 09:49:51.771 [INFO]: 🚀 Server running on port 30000
{
  "service": "research-mgmt-api"
}
2025-04-08 09:50:25.759 [INFO]: Attempting to connect to MongoDB database
{
  "service": "research-mgmt-api"
}
2025-04-08 09:50:25.761 [INFO]: Attempting to connect to MongoDB...
{
  "service": "research-mgmt-api"
}
2025-04-08 09:50:26.394 [INFO]: MongoDB Connected: ac-xdpuchx-shard-00-00.tvoe17p.mongodb.net
{
  "service": "research-mgmt-api"
}
2025-04-08 09:50:26.395 [INFO]: ✅ MongoDB connection established successfully
{
  "service": "research-mgmt-api"
}
2025-04-08 09:50:26.399 [INFO]: 🚀 Server running on port 30000
{
  "service": "research-mgmt-api"
}
2025-04-08 09:51:09.941 [INFO]: Attempting to connect to MongoDB database
{
  "service": "research-mgmt-api"
}
2025-04-08 09:51:09.942 [INFO]: Attempting to connect to MongoDB...
{
  "service": "research-mgmt-api"
}
2025-04-08 09:51:10.717 [INFO]: MongoDB Connected: ac-xdpuchx-shard-00-00.tvoe17p.mongodb.net
{
  "service": "research-mgmt-api"
}
2025-04-08 09:51:10.717 [INFO]: ✅ MongoDB connection established successfully
{
  "service": "research-mgmt-api"
}
2025-04-08 09:51:10.721 [INFO]: 🚀 Server running on port 30000
{
  "service": "research-mgmt-api"
}
2025-04-08 09:51:46.654 [INFO]: Attempting to connect to MongoDB database
{
  "service": "research-mgmt-api"
}
2025-04-08 09:51:46.655 [INFO]: Attempting to connect to MongoDB...
{
  "service": "research-mgmt-api"
}
2025-04-08 09:51:47.306 [INFO]: MongoDB Connected: ac-xdpuchx-shard-00-00.tvoe17p.mongodb.net
{
  "service": "research-mgmt-api"
}
2025-04-08 09:51:47.306 [INFO]: ✅ MongoDB connection established successfully
{
  "service": "research-mgmt-api"
}
2025-04-08 09:51:47.310 [INFO]: 🚀 Server running on port 30000
{
  "service": "research-mgmt-api"
}
2025-04-08 09:52:50.161 [INFO]: Attempting to connect to MongoDB database
{
  "service": "research-mgmt-api"
}
2025-04-08 09:52:50.163 [INFO]: Attempting to connect to MongoDB...
{
  "service": "research-mgmt-api"
}
2025-04-08 09:52:50.933 [INFO]: MongoDB Connected: ac-xdpuchx-shard-00-00.tvoe17p.mongodb.net
{
  "service": "research-mgmt-api"
}
2025-04-08 09:52:50.934 [INFO]: ✅ MongoDB connection established successfully
{
  "service": "research-mgmt-api"
}
2025-04-08 09:52:50.938 [INFO]: 🚀 Server running on port 30000
{
  "service": "research-mgmt-api"
}
2025-04-08 09:54:26.054 [INFO]: Attempting to connect to MongoDB database
{
  "service": "research-mgmt-api"
}
2025-04-08 09:54:26.056 [INFO]: Attempting to connect to MongoDB...
{
  "service": "research-mgmt-api"
}
2025-04-08 09:54:26.810 [INFO]: MongoDB Connected: ac-xdpuchx-shard-00-00.tvoe17p.mongodb.net
{
  "service": "research-mgmt-api"
}
2025-04-08 09:54:26.810 [INFO]: ✅ MongoDB connection established successfully
{
  "service": "research-mgmt-api"
}
2025-04-08 09:54:26.814 [INFO]: 🚀 Server running on port 30000
{
  "service": "research-mgmt-api"
}
2025-04-08 09:54:57.006 [INFO]: Attempting to connect to MongoDB database
{
  "service": "research-mgmt-api"
}
2025-04-08 09:54:57.007 [INFO]: Attempting to connect to MongoDB...
{
  "service": "research-mgmt-api"
}
2025-04-08 09:54:57.652 [INFO]: MongoDB Connected: ac-xdpuchx-shard-00-01.tvoe17p.mongodb.net
{
  "service": "research-mgmt-api"
}
2025-04-08 09:54:57.652 [INFO]: ✅ MongoDB connection established successfully
{
  "service": "research-mgmt-api"
}
2025-04-08 09:54:57.656 [INFO]: 🚀 Server running on port 30000
{
  "service": "research-mgmt-api"
}
2025-04-08 09:55:28.731 [INFO]: Attempting to connect to MongoDB database
{
  "service": "research-mgmt-api"
}
2025-04-08 09:55:28.732 [INFO]: Attempting to connect to MongoDB...
{
  "service": "research-mgmt-api"
}
2025-04-08 09:55:29.501 [INFO]: MongoDB Connected: ac-xdpuchx-shard-00-01.tvoe17p.mongodb.net
{
  "service": "research-mgmt-api"
}
2025-04-08 09:55:29.501 [INFO]: ✅ MongoDB connection established successfully
{
  "service": "research-mgmt-api"
}
2025-04-08 09:55:29.505 [INFO]: 🚀 Server running on port 30000
{
  "service": "research-mgmt-api"
}
2025-04-08 09:55:53.498 [INFO]: Attempting to connect to MongoDB database
{
  "service": "research-mgmt-api"
}
2025-04-08 09:55:53.499 [INFO]: Attempting to connect to MongoDB...
{
  "service": "research-mgmt-api"
}
2025-04-08 09:55:54.160 [INFO]: MongoDB Connected: ac-xdpuchx-shard-00-01.tvoe17p.mongodb.net
{
  "service": "research-mgmt-api"
}
2025-04-08 09:55:54.161 [INFO]: ✅ MongoDB connection established successfully
{
  "service": "research-mgmt-api"
}
2025-04-08 09:55:54.166 [INFO]: 🚀 Server running on port 30000
{
  "service": "research-mgmt-api"
}
2025-04-08 09:56:20.196 [INFO]: Attempting to connect to MongoDB database
{
  "service": "research-mgmt-api"
}
2025-04-08 09:56:20.197 [INFO]: Attempting to connect to MongoDB...
{
  "service": "research-mgmt-api"
}
2025-04-08 09:56:20.872 [INFO]: MongoDB Connected: ac-xdpuchx-shard-00-00.tvoe17p.mongodb.net
{
  "service": "research-mgmt-api"
}
2025-04-08 09:56:20.872 [INFO]: ✅ MongoDB connection established successfully
{
  "service": "research-mgmt-api"
}
2025-04-08 09:56:20.878 [INFO]: 🚀 Server running on port 30000
{
  "service": "research-mgmt-api"
}
2025-04-08 09:57:27.006 [INFO]: Attempting to connect to MongoDB database
{
  "service": "research-mgmt-api"
}
2025-04-08 09:57:27.007 [INFO]: Attempting to connect to MongoDB...
{
  "service": "research-mgmt-api"
}
2025-04-08 09:57:27.802 [INFO]: MongoDB Connected: ac-xdpuchx-shard-00-01.tvoe17p.mongodb.net
{
  "service": "research-mgmt-api"
}
2025-04-08 09:57:27.802 [INFO]: ✅ MongoDB connection established successfully
{
  "service": "research-mgmt-api"
}
2025-04-08 09:57:27.807 [INFO]: 🚀 Server running on port 30000
{
  "service": "research-mgmt-api"
}
2025-04-08 09:57:48.665 [INFO]: Attempting to connect to MongoDB database
{
  "service": "research-mgmt-api"
}
2025-04-08 09:57:48.666 [INFO]: Attempting to connect to MongoDB...
{
  "service": "research-mgmt-api"
}
2025-04-08 09:57:49.338 [INFO]: MongoDB Connected: ac-xdpuchx-shard-00-00.tvoe17p.mongodb.net
{
  "service": "research-mgmt-api"
}
2025-04-08 09:57:49.339 [INFO]: ✅ MongoDB connection established successfully
{
  "service": "research-mgmt-api"
}
2025-04-08 09:57:49.344 [INFO]: 🚀 Server running on port 30000
{
  "service": "research-mgmt-api"
}
2025-04-08 09:58:09.702 [INFO]: Attempting to connect to MongoDB database
{
  "service": "research-mgmt-api"
}
2025-04-08 09:58:09.704 [INFO]: Attempting to connect to MongoDB...
{
  "service": "research-mgmt-api"
}
2025-04-08 09:58:10.393 [INFO]: MongoDB Connected: ac-xdpuchx-shard-00-00.tvoe17p.mongodb.net
{
  "service": "research-mgmt-api"
}
2025-04-08 09:58:10.393 [INFO]: ✅ MongoDB connection established successfully
{
  "service": "research-mgmt-api"
}
2025-04-08 09:58:10.397 [INFO]: 🚀 Server running on port 30000
{
  "service": "research-mgmt-api"
}
2025-04-08 09:58:35.231 [INFO]: Attempting to connect to MongoDB database
{
  "service": "research-mgmt-api"
}
2025-04-08 09:58:35.232 [INFO]: Attempting to connect to MongoDB...
{
  "service": "research-mgmt-api"
}
2025-04-08 09:58:36.267 [INFO]: MongoDB Connected: ac-xdpuchx-shard-00-02.tvoe17p.mongodb.net
{
  "service": "research-mgmt-api"
}
2025-04-08 09:58:36.268 [INFO]: ✅ MongoDB connection established successfully
{
  "service": "research-mgmt-api"
}
2025-04-08 09:58:36.272 [INFO]: 🚀 Server running on port 30000
{
  "service": "research-mgmt-api"
}
2025-04-08 09:58:53.674 [INFO]: Attempting to connect to MongoDB database
{
  "service": "research-mgmt-api"
}
2025-04-08 09:58:53.676 [INFO]: Attempting to connect to MongoDB...
{
  "service": "research-mgmt-api"
}
2025-04-08 09:58:54.562 [INFO]: MongoDB Connected: ac-xdpuchx-shard-00-00.tvoe17p.mongodb.net
{
  "service": "research-mgmt-api"
}
2025-04-08 09:58:54.562 [INFO]: ✅ MongoDB connection established successfully
{
  "service": "research-mgmt-api"
}
2025-04-08 09:58:54.566 [INFO]: 🚀 Server running on port 30000
{
  "service": "research-mgmt-api"
}
2025-04-08 09:59:15.221 [INFO]: Attempting to connect to MongoDB database
{
  "service": "research-mgmt-api"
}
2025-04-08 09:59:15.223 [INFO]: Attempting to connect to MongoDB...
{
  "service": "research-mgmt-api"
}
2025-04-08 09:59:15.861 [INFO]: MongoDB Connected: ac-xdpuchx-shard-00-02.tvoe17p.mongodb.net
{
  "service": "research-mgmt-api"
}
2025-04-08 09:59:15.862 [INFO]: ✅ MongoDB connection established successfully
{
  "service": "research-mgmt-api"
}
2025-04-08 09:59:15.866 [INFO]: 🚀 Server running on port 30000
{
  "service": "research-mgmt-api"
}
2025-04-08 09:59:34.337 [INFO]: Attempting to connect to MongoDB database
{
  "service": "research-mgmt-api"
}
2025-04-08 09:59:34.338 [INFO]: Attempting to connect to MongoDB...
{
  "service": "research-mgmt-api"
}
2025-04-08 09:59:35.002 [INFO]: MongoDB Connected: ac-xdpuchx-shard-00-00.tvoe17p.mongodb.net
{
  "service": "research-mgmt-api"
}
2025-04-08 09:59:35.003 [INFO]: ✅ MongoDB connection established successfully
{
  "service": "research-mgmt-api"
}
2025-04-08 09:59:35.007 [INFO]: 🚀 Server running on port 30000
{
  "service": "research-mgmt-api"
}
2025-04-08 10:00:19.988 [INFO]: Attempting to connect to MongoDB database
{
  "service": "research-mgmt-api"
}
2025-04-08 10:00:19.989 [INFO]: Attempting to connect to MongoDB...
{
  "service": "research-mgmt-api"
}
2025-04-08 10:00:20.716 [INFO]: MongoDB Connected: ac-xdpuchx-shard-00-00.tvoe17p.mongodb.net
{
  "service": "research-mgmt-api"
}
2025-04-08 10:00:20.717 [INFO]: ✅ MongoDB connection established successfully
{
  "service": "research-mgmt-api"
}
2025-04-08 10:00:20.721 [INFO]: 🚀 Server running on port 30000
{
  "service": "research-mgmt-api"
}
2025-04-08 10:00:31.504 [INFO]: 📝 Direct registration attempt for:
{
  "0": "t",
  "1": "e",
  "2": "s",
  "3": "t",
  "4": "s",
  "5": "t",
  "6": "u",
  "7": "d",
  "8": "e",
  "9": "n",
  "10": "t",
  "11": "x",
  "12": "@",
  "13": "x",
  "14": "m",
  "15": "a",
  "16": "i",
  "17": "l",
  "18": ".",
  "19": "c",
  "20": "o",
  "21": "m",
  "service": "research-mgmt-api"
}
2025-04-08 10:01:43.423 [INFO]: Attempting to connect to MongoDB database
{
  "service": "research-mgmt-api"
}
2025-04-08 10:01:43.424 [INFO]: Attempting to connect to MongoDB...
{
  "service": "research-mgmt-api"
}
2025-04-08 10:01:44.207 [INFO]: MongoDB Connected: ac-xdpuchx-shard-00-01.tvoe17p.mongodb.net
{
  "service": "research-mgmt-api"
}
2025-04-08 10:01:44.208 [INFO]: ✅ MongoDB connection established successfully
{
  "service": "research-mgmt-api"
}
2025-04-08 10:01:44.212 [INFO]: 🚀 Server running on port 30000
{
  "service": "research-mgmt-api"
}
2025-04-08 10:02:23.457 [INFO]: Attempting to connect to MongoDB database
{
  "service": "research-mgmt-api"
}
2025-04-08 10:02:23.458 [INFO]: Attempting to connect to MongoDB...
{
  "service": "research-mgmt-api"
}
2025-04-08 10:02:24.123 [INFO]: MongoDB Connected: ac-xdpuchx-shard-00-00.tvoe17p.mongodb.net
{
  "service": "research-mgmt-api"
}
2025-04-08 10:02:24.124 [INFO]: ✅ MongoDB connection established successfully
{
  "service": "research-mgmt-api"
}
2025-04-08 10:02:24.129 [INFO]: 🚀 Server running on port 30000
{
  "service": "research-mgmt-api"
}
2025-04-08 10:03:03.036 [INFO]: Attempting to connect to MongoDB database
{
  "service": "research-mgmt-api"
}
2025-04-08 10:03:03.037 [INFO]: Attempting to connect to MongoDB...
{
  "service": "research-mgmt-api"
}
2025-04-08 10:03:03.793 [INFO]: MongoDB Connected: ac-xdpuchx-shard-00-00.tvoe17p.mongodb.net
{
  "service": "research-mgmt-api"
}
2025-04-08 10:03:03.793 [INFO]: ✅ MongoDB connection established successfully
{
  "service": "research-mgmt-api"
}
2025-04-08 10:03:03.797 [INFO]: 🚀 Server running on port 30000
{
  "service": "research-mgmt-api"
}
2025-04-08 10:03:41.279 [INFO]: Attempting to connect to MongoDB database
{
  "service": "research-mgmt-api"
}
2025-04-08 10:03:41.280 [INFO]: Attempting to connect to MongoDB...
{
  "service": "research-mgmt-api"
}
2025-04-08 10:03:42.223 [INFO]: MongoDB Connected: ac-xdpuchx-shard-00-00.tvoe17p.mongodb.net
{
  "service": "research-mgmt-api"
}
2025-04-08 10:03:42.223 [INFO]: ✅ MongoDB connection established successfully
{
  "service": "research-mgmt-api"
}
2025-04-08 10:03:42.228 [INFO]: 🚀 Server running on port 30000
{
  "service": "research-mgmt-api"
}
2025-04-08 10:04:23.057 [INFO]: Attempting to connect to MongoDB database
{
  "service": "research-mgmt-api"
}
2025-04-08 10:04:23.058 [INFO]: Attempting to connect to MongoDB...
{
  "service": "research-mgmt-api"
}
2025-04-08 10:04:23.826 [INFO]: MongoDB Connected: ac-xdpuchx-shard-00-00.tvoe17p.mongodb.net
{
  "service": "research-mgmt-api"
}
2025-04-08 10:04:23.826 [INFO]: ✅ MongoDB connection established successfully
{
  "service": "research-mgmt-api"
}
2025-04-08 10:04:23.830 [INFO]: 🚀 Server running on port 30000
{
  "service": "research-mgmt-api"
}
2025-04-08 10:05:07.935 [INFO]: Attempting to connect to MongoDB database
{
  "service": "research-mgmt-api"
}
2025-04-08 10:05:07.937 [INFO]: Attempting to connect to MongoDB...
{
  "service": "research-mgmt-api"
}
2025-04-08 10:05:08.551 [INFO]: MongoDB Connected: ac-xdpuchx-shard-00-01.tvoe17p.mongodb.net
{
  "service": "research-mgmt-api"
}
2025-04-08 10:05:08.551 [INFO]: ✅ MongoDB connection established successfully
{
  "service": "research-mgmt-api"
}
2025-04-08 10:05:08.556 [INFO]: 🚀 Server running on port 30000
{
  "service": "research-mgmt-api"
}
2025-04-08 10:05:46.832 [INFO]: Attempting to connect to MongoDB database
{
  "service": "research-mgmt-api"
}
2025-04-08 10:05:46.834 [INFO]: Attempting to connect to MongoDB...
{
  "service": "research-mgmt-api"
}
2025-04-08 10:05:47.483 [INFO]: MongoDB Connected: ac-xdpuchx-shard-00-01.tvoe17p.mongodb.net
{
  "service": "research-mgmt-api"
}
2025-04-08 10:05:47.484 [INFO]: ✅ MongoDB connection established successfully
{
  "service": "research-mgmt-api"
}
2025-04-08 10:05:47.488 [INFO]: 🚀 Server running on port 30000
{
  "service": "research-mgmt-api"
}
2025-04-08 10:06:41.140 [INFO]: Attempting to connect to MongoDB database
{
  "service": "research-mgmt-api"
}
2025-04-08 10:06:41.141 [INFO]: Attempting to connect to MongoDB...
{
  "service": "research-mgmt-api"
}
2025-04-08 10:06:41.752 [INFO]: MongoDB Connected: ac-xdpuchx-shard-00-00.tvoe17p.mongodb.net
{
  "service": "research-mgmt-api"
}
2025-04-08 10:06:41.752 [INFO]: ✅ MongoDB connection established successfully
{
  "service": "research-mgmt-api"
}
2025-04-08 10:06:41.757 [INFO]: 🚀 Server running on port 30000
{
  "service": "research-mgmt-api"
}
2025-04-08 10:07:25.919 [INFO]: Attempting to connect to MongoDB database
{
  "service": "research-mgmt-api"
}
2025-04-08 10:07:25.920 [INFO]: Attempting to connect to MongoDB...
{
  "service": "research-mgmt-api"
}
2025-04-08 10:07:26.559 [INFO]: MongoDB Connected: ac-xdpuchx-shard-00-01.tvoe17p.mongodb.net
{
  "service": "research-mgmt-api"
}
2025-04-08 10:07:26.559 [INFO]: ✅ MongoDB connection established successfully
{
  "service": "research-mgmt-api"
}
2025-04-08 10:07:26.564 [INFO]: 🚀 Server running on port 30000
{
  "service": "research-mgmt-api"
}
2025-04-08 10:12:25.927 [INFO]: Memory usage stats:
{
  "service": "research-mgmt-api",
  "rss": "199 MB",
  "heapTotal": "26 MB",
  "heapUsed": "50 MB",
  "external": "28 MB"
}
2025-04-08 10:13:41.024 [INFO]: Attempting to connect to MongoDB database
{
  "service": "research-mgmt-api"
}
2025-04-08 10:13:41.025 [INFO]: Attempting to connect to MongoDB...
{
  "service": "research-mgmt-api"
}
2025-04-08 10:13:41.682 [INFO]: MongoDB Connected: ac-xdpuchx-shard-00-01.tvoe17p.mongodb.net
{
  "service": "research-mgmt-api"
}
2025-04-08 10:13:41.682 [INFO]: ✅ MongoDB connection established successfully
{
  "service": "research-mgmt-api"
}
2025-04-08 10:13:41.686 [INFO]: 🚀 Server running on port 30000
{
  "service": "research-mgmt-api"
}
2025-04-08 10:14:11.688 [INFO]: Attempting to connect to MongoDB database
{
  "service": "research-mgmt-api"
}
2025-04-08 10:14:11.689 [INFO]: Attempting to connect to MongoDB...
{
  "service": "research-mgmt-api"
}
2025-04-08 10:14:12.298 [INFO]: MongoDB Connected: ac-xdpuchx-shard-00-00.tvoe17p.mongodb.net
{
  "service": "research-mgmt-api"
}
2025-04-08 10:14:12.298 [INFO]: ✅ MongoDB connection established successfully
{
  "service": "research-mgmt-api"
}
2025-04-08 10:14:12.303 [INFO]: 🚀 Server running on port 30000
{
  "service": "research-mgmt-api"
}
2025-04-08 10:19:11.695 [INFO]: Memory usage stats:
{
  "service": "research-mgmt-api",
  "rss": "201 MB",
  "heapTotal": "26 MB",
  "heapUsed": "50 MB",
  "external": "28 MB"
}
2025-04-08 10:19:22.401 [INFO]: Attempting to connect to MongoDB database
{
  "service": "research-mgmt-api"
}
2025-04-08 10:19:22.402 [INFO]: Attempting to connect to MongoDB...
{
  "service": "research-mgmt-api"
}
2025-04-08 10:19:23.063 [INFO]: MongoDB Connected: ac-xdpuchx-shard-00-02.tvoe17p.mongodb.net
{
  "service": "research-mgmt-api"
}
2025-04-08 10:19:23.063 [INFO]: ✅ MongoDB connection established successfully
{
  "service": "research-mgmt-api"
}
2025-04-08 10:19:23.068 [INFO]: 🚀 Server running on port 30000
{
  "service": "research-mgmt-api"
}
2025-04-08 10:20:24.842 [INFO]: Attempting to connect to MongoDB database
{
  "service": "research-mgmt-api"
}
2025-04-08 10:20:24.844 [INFO]: Attempting to connect to MongoDB...
{
  "service": "research-mgmt-api"
}
2025-04-08 10:20:25.543 [INFO]: MongoDB Connected: ac-xdpuchx-shard-00-00.tvoe17p.mongodb.net
{
  "service": "research-mgmt-api"
}
2025-04-08 10:20:25.543 [INFO]: ✅ MongoDB connection established successfully
{
  "service": "research-mgmt-api"
}
2025-04-08 10:20:25.548 [INFO]: 🚀 Server running on port 30000
{
  "service": "research-mgmt-api"
}
2025-04-08 10:21:04.133 [INFO]: Attempting to connect to MongoDB database
{
  "service": "research-mgmt-api"
}
2025-04-08 10:21:04.135 [INFO]: Attempting to connect to MongoDB...
{
  "service": "research-mgmt-api"
}
2025-04-08 10:21:04.742 [INFO]: MongoDB Connected: ac-xdpuchx-shard-00-02.tvoe17p.mongodb.net
{
  "service": "research-mgmt-api"
}
2025-04-08 10:21:04.742 [INFO]: ✅ MongoDB connection established successfully
{
  "service": "research-mgmt-api"
}
2025-04-08 10:21:04.747 [INFO]: 🚀 Server running on port 30000
{
  "service": "research-mgmt-api"
}
2025-04-08 10:22:28.493 [INFO]: Attempting to connect to MongoDB database
{
  "service": "research-mgmt-api"
}
2025-04-08 10:22:28.494 [INFO]: Attempting to connect to MongoDB...
{
  "service": "research-mgmt-api"
}
2025-04-08 10:22:29.154 [INFO]: MongoDB Connected: ac-xdpuchx-shard-00-02.tvoe17p.mongodb.net
{
  "service": "research-mgmt-api"
}
2025-04-08 10:22:29.154 [INFO]: ✅ MongoDB connection established successfully
{
  "service": "research-mgmt-api"
}
2025-04-08 10:22:29.159 [INFO]: 🚀 Server running on port 30000
{
  "service": "research-mgmt-api"
}
2025-04-08 10:23:42.052 [INFO]: Attempting to connect to MongoDB database
{
  "service": "research-mgmt-api"
}
2025-04-08 10:23:42.053 [INFO]: Attempting to connect to MongoDB...
{
  "service": "research-mgmt-api"
}
2025-04-08 10:23:42.712 [INFO]: MongoDB Connected: ac-xdpuchx-shard-00-00.tvoe17p.mongodb.net
{
  "service": "research-mgmt-api"
}
2025-04-08 10:23:42.712 [INFO]: ✅ MongoDB connection established successfully
{
  "service": "research-mgmt-api"
}
2025-04-08 10:23:42.716 [INFO]: 🚀 Server running on port 30000
{
  "service": "research-mgmt-api"
}
2025-04-08 10:24:46.567 [INFO]: Attempting to connect to MongoDB database
{
  "service": "research-mgmt-api"
}
2025-04-08 10:24:46.569 [INFO]: Attempting to connect to MongoDB...
{
  "service": "research-mgmt-api"
}
2025-04-08 10:24:47.211 [INFO]: MongoDB Connected: ac-xdpuchx-shard-00-02.tvoe17p.mongodb.net
{
  "service": "research-mgmt-api"
}
2025-04-08 10:24:47.212 [INFO]: ✅ MongoDB connection established successfully
{
  "service": "research-mgmt-api"
}
2025-04-08 10:24:47.216 [INFO]: 🚀 Server running on port 30000
{
  "service": "research-mgmt-api"
}
2025-04-08 10:26:17.819 [INFO]: Attempting to connect to MongoDB database
{
  "service": "research-mgmt-api"
}
2025-04-08 10:26:17.820 [INFO]: Attempting to connect to MongoDB...
{
  "service": "research-mgmt-api"
}
2025-04-08 10:26:18.468 [INFO]: MongoDB Connected: ac-xdpuchx-shard-00-01.tvoe17p.mongodb.net
{
  "service": "research-mgmt-api"
}
2025-04-08 10:26:18.469 [INFO]: ✅ MongoDB connection established successfully
{
  "service": "research-mgmt-api"
}
2025-04-08 10:26:18.475 [INFO]: 🚀 Server running on port 30000
{
  "service": "research-mgmt-api"
}
2025-04-08 10:29:07.262 [INFO]: 📝 Direct registration attempt for:
{
  "0": "t",
  "1": "e",
  "2": "s",
  "3": "t",
  "4": "u",
  "5": "s",
  "6": "e",
  "7": "r",
  "8": "j",
  "9": "h",
  "10": "o",
  "11": "n",
  "12": "@",
  "13": "g",
  "14": "m",
  "15": "a",
  "16": "i",
  "17": "l",
  "18": ".",
  "19": "c",
  "20": "o",
  "21": "m",
  "service": "research-mgmt-api"
}
2025-04-08 10:30:08.397 [INFO]: Attempting to connect to MongoDB database
{
  "service": "research-mgmt-api"
}
2025-04-08 10:30:08.399 [INFO]: Attempting to connect to MongoDB...
{
  "service": "research-mgmt-api"
}
2025-04-08 10:30:09.099 [INFO]: MongoDB Connected: ac-xdpuchx-shard-00-00.tvoe17p.mongodb.net
{
  "service": "research-mgmt-api"
}
2025-04-08 10:30:09.100 [INFO]: ✅ MongoDB connection established successfully
{
  "service": "research-mgmt-api"
}
2025-04-08 10:30:09.104 [INFO]: 🚀 Server running on port 30000
{
  "service": "research-mgmt-api"
}
