2025-04-08 09:17:56.657 [ERROR]: uncaughtException: next is not a function. (In 'next()', 'next' is undefined)
TypeError: next is not a function. (In 'next()', 'next' is undefined)
    at <anonymous> (/home/swadhin/r/server/src/routes/authRoutes.js:73:14)
    at _use (/home/swadhin/r/server/node_modules/elysia/src/index.ts:3748:21)
    at <anonymous> (/home/swadhin/r/server/src/routes/authRoutes.js:64:9)
    at group (/home/swadhin/r/server/node_modules/elysia/src/index.ts:2919:38)
    at _use (/home/swadhin/r/server/node_modules/elysia/src/index.ts:3748:21)
    at /home/swadhin/r/server/src/index.js:359:4
    at moduleEvaluation (native)
    at moduleEvaluation (native)
    at <anonymous> (native:2)
    at processTicksAndRejections (native:7:39)
TypeError: next is not a function. (In 'next()', 'next' is undefined)
    at <anonymous> (/home/swadhin/r/server/src/routes/authRoutes.js:73:14)
    at _use (/home/swadhin/r/server/node_modules/elysia/src/index.ts:3748:21)
    at <anonymous> (/home/swadhin/r/server/src/routes/authRoutes.js:64:9)
    at group (/home/swadhin/r/server/node_modules/elysia/src/index.ts:2919:38)
    at _use (/home/swadhin/r/server/node_modules/elysia/src/index.ts:3748:21)
    at /home/swadhin/r/server/src/index.js:359:4
    at moduleEvaluation (native)
    at moduleEvaluation (native)
    at <anonymous> (native:2)
    at processTicksAndRejections (native:7:39)
{
  "error": {},
  "exception": true,
  "date": "Tue Apr 08 2025 09:17:56 GMT+0600 (Bangladesh Standard Time)",
  "process": {
    "pid": 8189,
    "uid": 1000,
    "gid": 1000,
    "cwd": "/home/swadhin/r/server",
    "execPath": "/home/swadhin/.bun/bin/bun",
    "version": "v22.6.0",
    "argv": [
      "/home/swadhin/.bun/bin/bun",
      "/home/swadhin/r/server/src/index.js"
    ],
    "memoryUsage": {
      "rss": 197570560,
      "heapTotal": 23953408,
      "heapUsed": 31805437,
      "external": 22291696,
      "arrayBuffers": 896059
    }
  },
  "os": {
    "loadavg": [
      2.38,
      1.23,
      0.79
    ],
    "uptime": 1835
  },
  "trace": [
    {
      "column": 14,
      "file": "/home/swadhin/r/server/src/routes/authRoutes.js",
      "function": "<anonymous>",
      "line": 73,
      "method": null,
      "native": false
    },
    {
      "column": 21,
      "file": "/home/swadhin/r/server/node_modules/elysia/src/index.ts",
      "function": "_use",
      "line": 3748,
      "method": null,
      "native": false
    },
    {
      "column": 9,
      "file": "/home/swadhin/r/server/src/routes/authRoutes.js",
      "function": "<anonymous>",
      "line": 64,
      "method": null,
      "native": false
    },
    {
      "column": 38,
      "file": "/home/swadhin/r/server/node_modules/elysia/src/index.ts",
      "function": "group",
      "line": 2919,
      "method": null,
      "native": false
    },
    {
      "column": 21,
      "file": "/home/swadhin/r/server/node_modules/elysia/src/index.ts",
      "function": "_use",
      "line": 3748,
      "method": null,
      "native": false
    },
    {
      "column": 4,
      "file": "/home/swadhin/r/server/src/index.js",
      "function": null,
      "line": 359,
      "method": null,
      "native": false
    },
    {
      "column": null,
      "file": null,
      "function": "moduleEvaluation",
      "line": null,
      "method": null,
      "native": true
    },
    {
      "column": null,
      "file": null,
      "function": "moduleEvaluation",
      "line": null,
      "method": null,
      "native": true
    },
    {
      "column": null,
      "file": "native",
      "function": "<anonymous>",
      "line": 2,
      "method": null,
      "native": false
    },
    {
      "column": 39,
      "file": "native",
      "function": "processTicksAndRejections",
      "line": 7,
      "method": null,
      "native": false
    }
  ],
  "service": "research-mgmt-api"
}
2025-04-08 09:18:37.747 [ERROR]: uncaughtException: next is not a function. (In 'next()', 'next' is undefined)
TypeError: next is not a function. (In 'next()', 'next' is undefined)
    at <anonymous> (/home/swadhin/r/server/src/routes/authRoutes.js:73:14)
    at _use (/home/swadhin/r/server/node_modules/elysia/src/index.ts:3748:21)
    at <anonymous> (/home/swadhin/r/server/src/routes/authRoutes.js:64:9)
    at group (/home/swadhin/r/server/node_modules/elysia/src/index.ts:2919:38)
    at _use (/home/swadhin/r/server/node_modules/elysia/src/index.ts:3748:21)
    at /home/swadhin/r/server/src/index.js:359:4
    at moduleEvaluation (native)
    at moduleEvaluation (native)
    at <anonymous> (native:2)
    at processTicksAndRejections (native:7:39)
TypeError: next is not a function. (In 'next()', 'next' is undefined)
    at <anonymous> (/home/swadhin/r/server/src/routes/authRoutes.js:73:14)
    at _use (/home/swadhin/r/server/node_modules/elysia/src/index.ts:3748:21)
    at <anonymous> (/home/swadhin/r/server/src/routes/authRoutes.js:64:9)
    at group (/home/swadhin/r/server/node_modules/elysia/src/index.ts:2919:38)
    at _use (/home/swadhin/r/server/node_modules/elysia/src/index.ts:3748:21)
    at /home/swadhin/r/server/src/index.js:359:4
    at moduleEvaluation (native)
    at moduleEvaluation (native)
    at <anonymous> (native:2)
    at processTicksAndRejections (native:7:39)
{
  "error": {},
  "exception": true,
  "date": "Tue Apr 08 2025 09:18:37 GMT+0600 (Bangladesh Standard Time)",
  "process": {
    "pid": 17934,
    "uid": 1000,
    "gid": 1000,
    "cwd": "/home/swadhin/r/server",
    "execPath": "/home/swadhin/.bun/bin/bun",
    "version": "v22.6.0",
    "argv": [
      "/home/swadhin/.bun/bin/bun",
      "/home/swadhin/r/server/src/index.js"
    ],
    "memoryUsage": {
      "rss": 199020544,
      "heapTotal": 23987200,
      "heapUsed": 31850120,
      "external": 22295675,
      "arrayBuffers": 896059
    }
  },
  "os": {
    "loadavg": [
      1.22,
      1.07,
      0.75
    ],
    "uptime": 1876
  },
  "trace": [
    {
      "column": 14,
      "file": "/home/swadhin/r/server/src/routes/authRoutes.js",
      "function": "<anonymous>",
      "line": 73,
      "method": null,
      "native": false
    },
    {
      "column": 21,
      "file": "/home/swadhin/r/server/node_modules/elysia/src/index.ts",
      "function": "_use",
      "line": 3748,
      "method": null,
      "native": false
    },
    {
      "column": 9,
      "file": "/home/swadhin/r/server/src/routes/authRoutes.js",
      "function": "<anonymous>",
      "line": 64,
      "method": null,
      "native": false
    },
    {
      "column": 38,
      "file": "/home/swadhin/r/server/node_modules/elysia/src/index.ts",
      "function": "group",
      "line": 2919,
      "method": null,
      "native": false
    },
    {
      "column": 21,
      "file": "/home/swadhin/r/server/node_modules/elysia/src/index.ts",
      "function": "_use",
      "line": 3748,
      "method": null,
      "native": false
    },
    {
      "column": 4,
      "file": "/home/swadhin/r/server/src/index.js",
      "function": null,
      "line": 359,
      "method": null,
      "native": false
    },
    {
      "column": null,
      "file": null,
      "function": "moduleEvaluation",
      "line": null,
      "method": null,
      "native": true
    },
    {
      "column": null,
      "file": null,
      "function": "moduleEvaluation",
      "line": null,
      "method": null,
      "native": true
    },
    {
      "column": null,
      "file": "native",
      "function": "<anonymous>",
      "line": 2,
      "method": null,
      "native": false
    },
    {
      "column": 39,
      "file": "native",
      "function": "processTicksAndRejections",
      "line": 7,
      "method": null,
      "native": false
    }
  ],
  "service": "research-mgmt-api"
}
2025-04-08 09:21:19.166 [ERROR]: uncaughtException: next is not a function. (In 'next()', 'next' is undefined)
TypeError: next is not a function. (In 'next()', 'next' is undefined)
    at <anonymous> (/home/swadhin/r/server/src/routes/authRoutes.js:73:14)
    at _use (/home/swadhin/r/server/node_modules/elysia/src/index.ts:3748:21)
    at <anonymous> (/home/swadhin/r/server/src/routes/authRoutes.js:64:9)
    at group (/home/swadhin/r/server/node_modules/elysia/src/index.ts:2919:38)
    at _use (/home/swadhin/r/server/node_modules/elysia/src/index.ts:3748:21)
    at /home/swadhin/r/server/src/index.js:359:4
    at moduleEvaluation (native)
    at moduleEvaluation (native)
    at <anonymous> (native:2)
    at processTicksAndRejections (native:7:39)
TypeError: next is not a function. (In 'next()', 'next' is undefined)
    at <anonymous> (/home/swadhin/r/server/src/routes/authRoutes.js:73:14)
    at _use (/home/swadhin/r/server/node_modules/elysia/src/index.ts:3748:21)
    at <anonymous> (/home/swadhin/r/server/src/routes/authRoutes.js:64:9)
    at group (/home/swadhin/r/server/node_modules/elysia/src/index.ts:2919:38)
    at _use (/home/swadhin/r/server/node_modules/elysia/src/index.ts:3748:21)
    at /home/swadhin/r/server/src/index.js:359:4
    at moduleEvaluation (native)
    at moduleEvaluation (native)
    at <anonymous> (native:2)
    at processTicksAndRejections (native:7:39)
{
  "error": {},
  "exception": true,
  "date": "Tue Apr 08 2025 09:21:19 GMT+0600 (Bangladesh Standard Time)",
  "process": {
    "pid": 19210,
    "uid": 1000,
    "gid": 1000,
    "cwd": "/home/swadhin/r/server",
    "execPath": "/home/swadhin/.bun/bin/bun",
    "version": "v22.6.0",
    "argv": [
      "/home/swadhin/.bun/bin/bun",
      "/home/swadhin/r/server/src/index.js"
    ],
    "memoryUsage": {
      "rss": 198410240,
      "heapTotal": 24143872,
      "heapUsed": 31928975,
      "external": 22292658,
      "arrayBuffers": 896059
    }
  },
  "os": {
    "loadavg": [
      0.44,
      0.8,
      0.7
    ],
    "uptime": 2037
  },
  "trace": [
    {
      "column": 14,
      "file": "/home/swadhin/r/server/src/routes/authRoutes.js",
      "function": "<anonymous>",
      "line": 73,
      "method": null,
      "native": false
    },
    {
      "column": 21,
      "file": "/home/swadhin/r/server/node_modules/elysia/src/index.ts",
      "function": "_use",
      "line": 3748,
      "method": null,
      "native": false
    },
    {
      "column": 9,
      "file": "/home/swadhin/r/server/src/routes/authRoutes.js",
      "function": "<anonymous>",
      "line": 64,
      "method": null,
      "native": false
    },
    {
      "column": 38,
      "file": "/home/swadhin/r/server/node_modules/elysia/src/index.ts",
      "function": "group",
      "line": 2919,
      "method": null,
      "native": false
    },
    {
      "column": 21,
      "file": "/home/swadhin/r/server/node_modules/elysia/src/index.ts",
      "function": "_use",
      "line": 3748,
      "method": null,
      "native": false
    },
    {
      "column": 4,
      "file": "/home/swadhin/r/server/src/index.js",
      "function": null,
      "line": 359,
      "method": null,
      "native": false
    },
    {
      "column": null,
      "file": null,
      "function": "moduleEvaluation",
      "line": null,
      "method": null,
      "native": true
    },
    {
      "column": null,
      "file": null,
      "function": "moduleEvaluation",
      "line": null,
      "method": null,
      "native": true
    },
    {
      "column": null,
      "file": "native",
      "function": "<anonymous>",
      "line": 2,
      "method": null,
      "native": false
    },
    {
      "column": 39,
      "file": "native",
      "function": "processTicksAndRejections",
      "line": 7,
      "method": null,
      "native": false
    }
  ],
  "service": "research-mgmt-api"
}
2025-04-08 09:29:52.404 [ERROR]: uncaughtException: next is not a function. (In 'next()', 'next' is undefined)
TypeError: next is not a function. (In 'next()', 'next' is undefined)
    at <anonymous> (/home/swadhin/r/server/src/routes/authRoutes.js:73:14)
    at _use (/home/swadhin/r/server/node_modules/elysia/src/index.ts:3748:21)
    at <anonymous> (/home/swadhin/r/server/src/routes/authRoutes.js:64:9)
    at group (/home/swadhin/r/server/node_modules/elysia/src/index.ts:2919:38)
    at _use (/home/swadhin/r/server/node_modules/elysia/src/index.ts:3748:21)
    at /home/swadhin/r/server/src/index.js:359:4
    at moduleEvaluation (native)
    at moduleEvaluation (native)
    at <anonymous> (native:2)
    at processTicksAndRejections (native:7:39)
TypeError: next is not a function. (In 'next()', 'next' is undefined)
    at <anonymous> (/home/swadhin/r/server/src/routes/authRoutes.js:73:14)
    at _use (/home/swadhin/r/server/node_modules/elysia/src/index.ts:3748:21)
    at <anonymous> (/home/swadhin/r/server/src/routes/authRoutes.js:64:9)
    at group (/home/swadhin/r/server/node_modules/elysia/src/index.ts:2919:38)
    at _use (/home/swadhin/r/server/node_modules/elysia/src/index.ts:3748:21)
    at /home/swadhin/r/server/src/index.js:359:4
    at moduleEvaluation (native)
    at moduleEvaluation (native)
    at <anonymous> (native:2)
    at processTicksAndRejections (native:7:39)
{
  "error": {},
  "exception": true,
  "date": "Tue Apr 08 2025 09:29:52 GMT+0600 (Bangladesh Standard Time)",
  "process": {
    "pid": 21571,
    "uid": 1000,
    "gid": 1000,
    "cwd": "/home/swadhin/r/server",
    "execPath": "/home/swadhin/.bun/bin/bun",
    "version": "v22.6.0",
    "argv": [
      "/home/swadhin/.bun/bin/bun",
      "/home/swadhin/r/server/src/index.js"
    ],
    "memoryUsage": {
      "rss": 197513216,
      "heapTotal": 23954432,
      "heapUsed": 31856121,
      "external": 22295132,
      "arrayBuffers": 896059
    }
  },
  "os": {
    "loadavg": [
      0.76,
      0.49,
      0.54
    ],
    "uptime": 2550
  },
  "trace": [
    {
      "column": 14,
      "file": "/home/swadhin/r/server/src/routes/authRoutes.js",
      "function": "<anonymous>",
      "line": 73,
      "method": null,
      "native": false
    },
    {
      "column": 21,
      "file": "/home/swadhin/r/server/node_modules/elysia/src/index.ts",
      "function": "_use",
      "line": 3748,
      "method": null,
      "native": false
    },
    {
      "column": 9,
      "file": "/home/swadhin/r/server/src/routes/authRoutes.js",
      "function": "<anonymous>",
      "line": 64,
      "method": null,
      "native": false
    },
    {
      "column": 38,
      "file": "/home/swadhin/r/server/node_modules/elysia/src/index.ts",
      "function": "group",
      "line": 2919,
      "method": null,
      "native": false
    },
    {
      "column": 21,
      "file": "/home/swadhin/r/server/node_modules/elysia/src/index.ts",
      "function": "_use",
      "line": 3748,
      "method": null,
      "native": false
    },
    {
      "column": 4,
      "file": "/home/swadhin/r/server/src/index.js",
      "function": null,
      "line": 359,
      "method": null,
      "native": false
    },
    {
      "column": null,
      "file": null,
      "function": "moduleEvaluation",
      "line": null,
      "method": null,
      "native": true
    },
    {
      "column": null,
      "file": null,
      "function": "moduleEvaluation",
      "line": null,
      "method": null,
      "native": true
    },
    {
      "column": null,
      "file": "native",
      "function": "<anonymous>",
      "line": 2,
      "method": null,
      "native": false
    },
    {
      "column": 39,
      "file": "native",
      "function": "processTicksAndRejections",
      "line": 7,
      "method": null,
      "native": false
    }
  ],
  "service": "research-mgmt-api"
}
